Renesas Optimizing Linker (W3.05.00 )             25-Jul-2023 15:21:06

*** Options ***

-subcommand=LinkerPPM300.tmp
-MAKEUD=C:\Users\vinh\e2_studio\workspace\PPM300\HardwareDebug/PPM300_l.ud
-noprelink
-input=".\src\ADS1148.obj"
-input=".\src\Datatbl.obj"
-input=".\src\MB85RS64V.obj"
-input=".\src\PPM.obj"
-input=".\src\PPM300.obj"
-input=".\src\RX4571LC.obj"
-input=".\src\advalue.obj"
-input=".\src\p_comm0.obj"
-input=".\src\p_comm1.obj"
-input=".\src\p_comm12.obj"
-input=".\src\p_comm_fhost.obj"
-input=".\src\p_comm_fhost_cmd.obj"
-input=".\src\p_comm_fhost_dir.obj"
-input=".\src\p_comm_fhost_eng.obj"
-input=".\src\p_comm_fhost_joso.obj"
-input=".\src\p_comm_fhost_mai.obj"
-input=".\src\p_comm_fhost_maiR.obj"
-input=".\src\p_comm_fhost_maiW.obj"
-input=".\src\p_comm_fhost_mon.obj"
-input=".\src\p_comm_func.obj"
-input=".\src\p_comm_rtu.obj"
-input=".\src\p_comm_shinko.obj"
-input=".\src\p_comm_sub.obj"
-input=".\src\p_cont.obj"
-input=".\src\p_cont_fan.obj"
-input=".\src\p_cont_holiday.obj"
-input=".\src\p_cont_reikyaku.obj"
-input=".\src\p_factory.obj"
-input=".\src\p_init.obj"
-input=".\src\p_interrupt.obj"
-input=".\src\p_key.obj"
-input=".\src\p_math.obj"
-input=".\src\p_self.obj"
-input=".\src\p_startup.obj"
-input=".\src\p_timer_cmt0.obj"
-input=".\src\p_timer_r0.obj"
-input=".\src/smc_gen/Config_CMT0\Config_CMT0.obj"
-input=".\src/smc_gen/Config_CMT0\Config_CMT0_user.obj"
-input=".\src/smc_gen/Config_IWDT\Config_IWDT.obj"
-input=".\src/smc_gen/Config_IWDT\Config_IWDT_user.obj"
-input=".\src/smc_gen/Config_PORT\Config_PORT.obj"
-input=".\src/smc_gen/Config_PORT\Config_PORT_user.obj"
-input=".\src/smc_gen/Config_SCI0\Config_SCI0.obj"
-input=".\src/smc_gen/Config_SCI0\Config_SCI0_user.obj"
-input=".\src/smc_gen/Config_SCI1\Config_SCI1.obj"
-input=".\src/smc_gen/Config_SCI1\Config_SCI1_user.obj"
-input=".\src/smc_gen/Config_SCI12\Config_SCI12.obj"
-input=".\src/smc_gen/Config_SCI12\Config_SCI12_user.obj"
-input=".\src/smc_gen/Config_SCI5\Config_SCI5.obj"
-input=".\src/smc_gen/Config_SCI5\Config_SCI5_user.obj"
-input=".\src/smc_gen/Config_TMR0\Config_TMR0.obj"
-input=".\src/smc_gen/Config_TMR0\Config_TMR0_user.obj"
-input=".\src/smc_gen/general\r_cg_hardware_setup.obj"
-input=".\src/smc_gen/general\r_smc_cgc.obj"
-input=".\src/smc_gen/general\r_smc_cgc_user.obj"
-input=".\src/smc_gen/general\r_smc_interrupt.obj"
-input=".\src/smc_gen/r_bsp/board/generic_rx113\hwsetup.obj"
-input=".\src/smc_gen/r_bsp/mcu/all\dbsct.obj"
-input=".\src/smc_gen/r_bsp/mcu/all\lowlvl.obj"
-input=".\src/smc_gen/r_bsp/mcu/all\lowsrc.obj"
-input=".\src/smc_gen/r_bsp/mcu/all\mcu_locks.obj"
-input=".\src/smc_gen/r_bsp/mcu/all\r_bsp_common.obj"
-input=".\src/smc_gen/r_bsp/mcu/all\r_bsp_cpu.obj"
-input=".\src/smc_gen/r_bsp/mcu/all\r_bsp_interrupts.obj"
-input=".\src/smc_gen/r_bsp/mcu/all\r_bsp_locking.obj"
-input=".\src/smc_gen/r_bsp/mcu/all\r_bsp_mcu_startup.obj"
-input=".\src/smc_gen/r_bsp/mcu/all\r_bsp_software_interrupt.obj"
-input=".\src/smc_gen/r_bsp/mcu/all\r_rx_intrinsic_functions.obj"
-input=".\src/smc_gen/r_bsp/mcu/all\resetprg.obj"
-input=".\src/smc_gen/r_bsp/mcu/all\sbrk.obj"
-input=".\src/smc_gen/r_bsp/mcu/rx113\mcu_clocks.obj"
-input=".\src/smc_gen/r_bsp/mcu/rx113\mcu_init.obj"
-input=".\src/smc_gen/r_bsp/mcu/rx113\mcu_interrupts.obj"
-input=".\src/smc_gen/r_bsp/mcu/rx113\vecttbl.obj"
-input=".\src/smc_gen/r_pincfg\Pin.obj"
-library=".\PPM300.lib"
-start=SU,SI,B_1,R_1,B_2,R_2,B,R/04,PResetPRG,C_1,C_2,C,C$*,D*,W*,L,P/0FFFE0000,FIXEDVECT/0FFFFFF80
-output="PPM300.abs"
-form=absolute
-nomessage
-vect=_undefined_interrupt_source_isr
-list=PPM300.map
-show=symbol,total_size
-nooptimize
-rom=D=R,D_1=R_1,D_2=R_2
-cpu=RAM=00000000-00007fff,FIX=00080000-00083fff,FIX=00086000-00087fff,FIX=00088000-0008dfff,FIX=00090000-0009ffff,FIX=000a0000-000bffff,FIX=000c0000-000fffff,ROM=00100000-00101fff,FIX=007fc000-007fc4ff,FIX=007ffc00-007fffff,ROM=fffe0000-ffffffff
-nologo

*** Error information ***

*** Mapping List ***

SECTION                            START      END         SIZE   ALIGN
SU
                                  00000004  00000403       400   4
SI
                                  00000404  00000503       100   4
B_1
                                  00000504  0000052b        28   1
R_1
                                  0000052c  0000057b        50   1
B_2
                                  0000057c  0000181d      12a2   2
R_2
                                  0000181e  000019eb       1ce   2
B
                                  000019ec  00002653       c68   4
R
                                  00002654  00002763       110   4
PResetPRG
                                  fffe0000  fffe0053        54   1
C_1
                                  fffe0054  fffe0093        40   1
C_2
                                  fffe0094  fffe0b85       af2   2
C
                                  fffe0b88  fffe199b       e14   4
C$DSEC
                                  fffe199c  fffe19bf        24   4
C$BSEC
                                  fffe19c0  fffe19d7        18   4
C$VECT
                                  fffe19d8  fffe1dd7       400   4
D
                                  fffe1dd8  fffe1ee7       110   4
D_2
                                  fffe1ee8  fffe20b5       1ce   2
D_1
                                  fffe20b6  fffe2105        50   1
W
                                  fffe2108  fffe2108         0   4
W_1
                                  fffe2108  fffe2133        2c   1
W_2
                                  fffe2134  fffe2134         0   2
L
                                  fffe2134  fffe2179        46   4
P
                                  fffe217a  fffe96de      7565   1
FIXEDVECT
                                  ffffff80  ffffffff        80   4

*** Total Section Size ***

RAMDATA SECTION:  00002760 Byte(s)
ROMDATA SECTION:  000021a2 Byte(s)
PROGRAM SECTION:  000075b9 Byte(s)

*** Symbol List ***

SECTION=
FILE=                               START        END    SIZE
  SYMBOL                            ADDR        SIZE    INFO      COUNTS  OPT

SECTION=SU
FILE=.\src\smc_gen\r_bsp\mcu\all\resetprg.obj
                                  00000004  00000403       400

SECTION=SI
FILE=.\src\smc_gen\r_bsp\mcu\all\resetprg.obj
                                  00000404  00000503       100

SECTION=B_1
FILE=.\src\smc_gen\r_bsp\mcu\all\lowsrc.obj
                                  00000504  0000052b        28
  _flmod
                                  00000504        14   data ,g         * 
  _sml_buf
                                  00000518        14   data ,g         * 

SECTION=R_1
FILE=xfiles
                                  0000052c  0000057b        50
  _ebuf
                                  0000052c        50   data ,l         * 

SECTION=B_2
FILE=.\src\PPM.obj
                                  0000057c  000017fb      1280
  _KEY_MODE
                                  0000057c        26   data ,g         * 
  _COMM0
                                  000005a2       48e   data ,g         * 
  _COMM1
                                  00000a30       48e   data ,g         * 
  _COMM5
                                  00000ebe       48e   data ,g         * 
  _COMM12
                                  0000134c       48e   data ,g         * 
  _RUN_DATA
                                  000017da         8   data ,g         * 
  _FACT_DATA
                                  000017e2         8   data ,g         * 
  _SELF_DATA
                                  000017ea         8   data ,g         * 
  _wdtcou1
                                  000017f2         2   data ,g         * 
  _wdtadc
                                  000017f4         2   data ,g         * 
  _dummy
                                  000017f6         2   data ,g         * 
  _log_data
                                  000017f8         4   data ,g         * 
FILE=.\src\smc_gen\Config_SCI0\Config_SCI0.obj
                                  000017fc  00001801         6
  _g_sci0_tx_count
                                  000017fc         2   data ,g         * 
  _g_sci0_rx_count
                                  000017fe         2   data ,g         * 
  _g_sci0_rx_length
                                  00001800         2   data ,g         * 
FILE=.\src\smc_gen\Config_SCI1\Config_SCI1.obj
                                  00001802  00001807         6
  _g_sci1_tx_count
                                  00001802         2   data ,g         * 
  _g_sci1_rx_count
                                  00001804         2   data ,g         * 
  _g_sci1_rx_length
                                  00001806         2   data ,g         * 
FILE=.\src\smc_gen\Config_SCI12\Config_SCI12.obj
                                  00001808  0000180d         6
  _g_sci12_tx_count
                                  00001808         2   data ,g         * 
  _g_sci12_rx_count
                                  0000180a         2   data ,g         * 
  _g_sci12_rx_length
                                  0000180c         2   data ,g         * 
FILE=.\src\smc_gen\Config_SCI5\Config_SCI5.obj
                                  0000180e  00001813         6
  _g_sci5_tx_count
                                  0000180e         2   data ,g         * 
  _g_sci5_rx_count
                                  00001810         2   data ,g         * 
  _g_sci5_rx_length
                                  00001812         2   data ,g         * 
FILE=.\src\smc_gen\r_bsp\mcu\all\r_bsp_cpu.obj
                                  00001814  0000181d         a
  _s_protect_counters
                                  00001814         a   data ,l         * 

SECTION=R_2
FILE=.\src\Datatbl.obj
                                  0000181e  00001829         c
  _data_tbl_phase_base
                                  0000181e         6   data ,g         * 
  _data_tbl_eep_base
                                  00001824         6   data ,g         * 
FILE=.\src\p_init.obj
                                  0000182a  000019eb       1c2
  _clr_eng_ph_tbl
                                  0000182a       102   data ,g         * 
  _clr_err_rireki_ph_tbl
                                  0000192c        a0   data ,g         * 
  _clr_pro_ph_tbl
                                  000019cc        20   data ,g         * 

SECTION=B
FILE=.\src\PPM.obj
                                  000019ec  000020bb       6d0
  _IN_AJUST
                                  000019ec        90   data ,g         * 
  _SET_PARA
                                  00001a7c       2d4   data ,g         * 
  _CNT_STAT
                                  00001d50        28   data ,g         * 
  _INPUT_ADC
                                  00001d78       2a4   data ,g         * 
  _uartp
                                  0000201c         4   data ,g         * 
  _TIMDT
                                  00002020        60   data ,g         * 
  _SET_TIME
                                  00002080        20   data ,g         * 
  _CONTROL
                                  000020a0        1c   data ,g         * 
FILE=.\src\smc_gen\Config_SCI0\Config_SCI0.obj
                                  000020bc  000020c3         8
  _gp_sci0_tx_address
                                  000020bc         4   data ,g         * 
  _gp_sci0_rx_address
                                  000020c0         4   data ,g         * 
FILE=.\src\smc_gen\Config_SCI1\Config_SCI1.obj
                                  000020c4  000020cb         8
  _gp_sci1_tx_address
                                  000020c4         4   data ,g         * 
  _gp_sci1_rx_address
                                  000020c8         4   data ,g         * 
FILE=.\src\smc_gen\Config_SCI12\Config_SCI12.obj
                                  000020cc  000020d3         8
  _gp_sci12_tx_address
                                  000020cc         4   data ,g         * 
  _gp_sci12_rx_address
                                  000020d0         4   data ,g         * 
FILE=.\src\smc_gen\Config_SCI5\Config_SCI5.obj
                                  000020d4  000020db         8
  _gp_sci5_tx_address
                                  000020d4         4   data ,g         * 
  _gp_sci5_rx_address
                                  000020d8         4   data ,g         * 
FILE=.\src\smc_gen\r_bsp\mcu\all\lowsrc.obj
                                  000020dc  0000212b        50
  __Files
                                  000020dc        50   data ,g         * 
FILE=.\src\smc_gen\r_bsp\mcu\all\mcu_locks.obj
                                  0000212c  00002223        f8
  _g_bsp_Locks
                                  0000212c        f8   data ,g         * 
FILE=.\src\smc_gen\r_bsp\mcu\all\r_bsp_interrupts.obj
                                  00002224  0000224b        28
  _g_bsp_vectors
                                  00002224        28   data ,l         * 
FILE=.\src\smc_gen\r_bsp\mcu\all\sbrk.obj
                                  0000224c  0000264f       404
  __s1ptr
                                  0000224c         4   data ,g         * 
  _s_heap_area
                                  00002250       400   data ,l         * 
FILE=_errno
                                  00002650  00002653         4
  __errno
                                  00002650         4   data ,g         * 

SECTION=R
FILE=.\src\Datatbl.obj
                                  00002654  0000266b        18
  _data_tbl_addr_base
                                  00002654         c   data ,g         * 
  _data_tbl_sram_base
                                  00002660         c   data ,g         * 
FILE=.\src\smc_gen\r_bsp\mcu\all\lowsrc.obj
                                  0000266c  0000267f        14
  _env_list
                                  0000266c        10   data ,g         * 
  _environ
                                  0000267c         4   data ,g         * 
FILE=.\src\smc_gen\r_bsp\mcu\all\sbrk.obj
                                  00002680  00002683         4
  _sp_brk
                                  00002680         4   data ,l         * 
FILE=xfiles
                                  00002684  0000275b        d8
  __Stdin
                                  00002684        48   data ,g         * 
  __Stdout
                                  000026cc        48   data ,g         * 
  __Stderr
                                  00002714        48   data ,g         * 
FILE=malloc
                                  0000275c  00002763         8
  __Aldata
                                  0000275c         8   data ,g         * 

SECTION=PResetPRG
FILE=.\src\smc_gen\r_bsp\mcu\all\resetprg.obj
                                  fffe0000  fffe0053        54
  _PowerON_Reset_PC
                                  fffe0000        54   entry,g         * 

SECTION=C_1
FILE=.\src\ADS1148.obj
                                  fffe0054  fffe0078        25
  _IN_PLX2
                                  fffe0054         e   data ,g         * 
  _IN_PGA
                                  fffe0062         e   data ,g         * 
  _ADS1148inittbl1
                                  fffe0070         3   data ,g         * 
  _ADS1148inittbl0
                                  fffe0073         6   data ,g         * 
FILE=.\src\p_comm0.obj
                                  fffe0079  fffe007b         3
  _BRR0_TBL
                                  fffe0079         3   data ,g         * 
FILE=.\src\p_comm_rtu.obj
                                  fffe007c  fffe007e         3
  _xcom_tbl_modbus
                                  fffe007c         3   data ,g         * 
FILE=.\src\p_comm_shinko.obj
                                  fffe007f  fffe008b         d
  _xcom_tbl_shinko
                                  fffe007f         d   data ,g         * 
FILE=.\src\p_comm_sub.obj
                                  fffe008c  fffe0093         8
  _txwietbl
                                  fffe008c         4   data ,g         * 
  _mrtuwitbl
                                  fffe0090         4   data ,g         * 

SECTION=C_2
FILE=.\src\ADS1148.obj
                                  fffe0094  fffe00bb        28
  _SAMP_MIN_TIM_TBL
                                  fffe0094        14   data ,g         * 
  _SAMP_MAX_TIM_TBL
                                  fffe00a8        14   data ,g         * 
FILE=.\src\Datatbl.obj
                                  fffe00bc  fffe0a89       9ce
  _DATA_TBL_PARA
                                  fffe00bc       88e   data ,g         * 
  _DATA_TBL_OTHER
                                  fffe094a       140   data ,g         * 
FILE=.\src\advalue.obj
                                  fffe0a8a  fffe0a9f        16
  _ptinb_tbl
                                  fffe0a8a        16   data ,g         * 
FILE=.\src\p_comm_fhost.obj
                                  fffe0aa0  fffe0ac7        28
  _HOST_BASE_ADDR
                                  fffe0aa0        28   data ,g         * 
FILE=.\src\p_comm_fhost_dir.obj
                                  fffe0ac8  fffe0b67        a0
  _disp_phase_direct_tbl
                                  fffe0ac8        a0   data ,g         * 
FILE=.\src\p_comm_fhost_joso.obj
                                  fffe0b68  fffe0b7d        16
  _disp_phase_joso_tbl
                                  fffe0b68        16   data ,g         * 
FILE=.\src\smc_gen\r_bsp\mcu\all\r_bsp_cpu.obj
                                  fffe0b7e  fffe0b85         8
  _s_prcr_masks
                                  fffe0b7e         8   data ,l         * 

SECTION=C
FILE=.\src\ADS1148.obj
                                  fffe0b88  fffe0bf7        70
  _vfselfunc
                                  fffe0b88        34   data ,g         * 
  _vfrdfunc
                                  fffe0bbc        3c   data ,g         * 
FILE=.\src\PPM300.obj
                                  fffe0bf8  fffe0c33        3c
  _taskfunc3
                                  fffe0bf8        14   data ,g         * 
  _taskfunc1
                                  fffe0c0c        14   data ,g         * 
  _taskfunc
                                  fffe0c20        14   data ,g         * 
FILE=.\src\advalue.obj
                                  fffe0c34  fffe0f4f       31c
  _maxrange1
                                  fffe0c34        10   data ,g         * 
  _maxrange2
                                  fffe0c44        10   data ,g         * 
  _maxrange3
                                  fffe0c54        30   data ,g         * 
  _linetbl0
                                  fffe0c84        84   data ,g         * 
  _linetbl1
                                  fffe0d08        84   data ,g         * 
  _linetbl2
                                  fffe0d8c       120   data ,g         * 
  _span_tbl
                                  fffe0eac        10   data ,g         * 
  _min_tbl
                                  fffe0ebc        10   data ,g         * 
  _offset_tbl
                                  fffe0ecc        10   data ,g         * 
  _adref_tbl
                                  fffe0edc        10   data ,g         * 
  _rt_tbl
                                  fffe0eec        10   data ,g         * 
  _linetbla
                                  fffe0efc         c   data ,g         * 
  _rtlinetbl
                                  fffe0f08        48   data ,g         * 
FILE=.\src\p_comm_fhost_cmd.obj
                                  fffe0f50  fffe116f       220
  _host_w_command_tbl
                                  fffe0f50       220   data ,g         * 
FILE=.\src\p_comm_fhost_dir.obj
                                  fffe1170  fffe1527       3b8
  _host_r_direct_tbl
                                  fffe1170       140   data ,g         * 
  _host_r_direct_time_tbl
                                  fffe12b0        9c   data ,g         * 
  _host_w_direct_tbl
                                  fffe134c       140   data ,g         * 
  _host_w_direct_time_tbl
                                  fffe148c        9c   data ,g         * 
FILE=.\src\p_comm_fhost_joso.obj
                                  fffe1528  fffe157f        58
  _host_r_joso_tbl
                                  fffe1528        2c   data ,g         * 
  _host_w_joso_tbl
                                  fffe1554        2c   data ,g         * 
FILE=.\src\p_comm_fhost_mai.obj
                                  fffe1580  fffe167f       100
  _host_r_maintenace_tbl
                                  fffe1580        80   data ,g         * 
  _host_w_maintenace_tbl
                                  fffe1600        80   data ,g         * 
FILE=.\src\p_comm_fhost_maiR.obj
                                  fffe1680  fffe1783       104
  _host_r_maintenaceR_tbl
                                  fffe1680       104   data ,g         * 
FILE=.\src\p_comm_fhost_maiW.obj
                                  fffe1784  fffe1803        80
  _host_w_maintenaceW_tbl
                                  fffe1784        80   data ,g         * 
FILE=.\src\p_comm_fhost_mon.obj
                                  fffe1804  fffe1877        74
  _host_r_monitor_tbl
                                  fffe1804        74   data ,g         * 
FILE=.\src\p_comm_rtu.obj
                                  fffe1878  fffe1883         c
  _xfunc_tbl_modbus
                                  fffe1878         c   data ,g         * 
FILE=.\src\p_comm_shinko.obj
                                  fffe1884  fffe18b7        34
  _xfunc_tbl_shinko
                                  fffe1884        34   data ,g         * 
FILE=.\src\p_factory.obj
                                  fffe18b8  fffe1923        6c
  _fact_out_tbl
                                  fffe18b8        6c   data ,g         * 
FILE=.\src\smc_gen\r_bsp\mcu\all\dbsct.obj
                                  fffe1924  fffe193b        18
  __CTBL
                                  fffe1924        18   data ,g         * 
FILE=_nfiles
                                  fffe193c  fffe193f         4
  __nfiles
                                  fffe193c         4   data ,g         * 
FILE=xfoprep
                                  fffe1940  fffe1987        48
  _init$1
                                  fffe1940        48   data ,l         * 
FILE=xfopen
                                  fffe1988  fffe1997        10
  _rwacc$1
                                  fffe1988        10   data ,l         * 
FILE=_sbrk_si
                                  fffe1998  fffe199b         4
  __sbrk_size
                                  fffe1998         4   data ,g         * 

SECTION=C$DSEC
FILE=.\src\smc_gen\r_bsp\mcu\all\dbsct.obj
                                  fffe199c  fffe19bf        24
  __DTBL
                                  fffe199c        24   data ,g         * 

SECTION=C$BSEC
FILE=.\src\smc_gen\r_bsp\mcu\all\dbsct.obj
                                  fffe19c0  fffe19d7        18
  __BTBL
                                  fffe19c0        18   data ,g         * 

SECTION=C$VECT
FILE=.\src\smc_gen\r_bsp\mcu\all\resetprg.obj
                                  fffe19d8  fffe1dd7       400

SECTION=D
FILE=.\src\Datatbl.obj
                                  fffe1dd8  fffe1def        18
FILE=.\src\smc_gen\r_bsp\mcu\all\lowsrc.obj
                                  fffe1df0  fffe1e03        14
FILE=.\src\smc_gen\r_bsp\mcu\all\sbrk.obj
                                  fffe1e04  fffe1e07         4
FILE=xfiles
                                  fffe1e08  fffe1edf        d8
FILE=malloc
                                  fffe1ee0  fffe1ee7         8

SECTION=D_2
FILE=.\src\Datatbl.obj
                                  fffe1ee8  fffe1ef3         c
FILE=.\src\p_init.obj
                                  fffe1ef4  fffe20b5       1c2

SECTION=D_1
FILE=xfiles
                                  fffe20b6  fffe2105        50

SECTION=W_1
FILE=.\src\ADS1148.obj
                                  fffe2108  fffe210f         8
FILE=.\src\p_comm_fhost.obj
                                  fffe2110  fffe2123        14
FILE=.\src\smc_gen\r_bsp\mcu\all\r_bsp_cpu.obj
                                  fffe2124  fffe2133        10

SECTION=L
FILE=.\src\smc_gen\r_bsp\mcu\all\dbsct.obj
                                  fffe2134  fffe2137         4
  _deadSpace
                                  fffe2134         4   data ,g         * 
FILE=.\src\smc_gen\r_bsp\mcu\all\lowsrc.obj
                                  fffe2138  fffe2179        42

SECTION=P
FILE=.\src\ADS1148.obj
                                  fffe217a  fffe2707       58e
  _Delay2
                                  fffe217a         7   func ,g         * 
  _ADS1148_A1ston
                                  fffe2181         a   func ,g         * 
  _ADS1148_A1stoff
                                  fffe218b         a   func ,g         * 
  _ADS1148_A1skon
                                  fffe2195         c   func ,g         * 
  _ADS1148_A1skoff
                                  fffe21a1         a   func ,g         * 
  _ADS1148_A1dion
                                  fffe21ab         a   func ,g         * 
  _ADS1148_A1dioff
                                  fffe21b5         a   func ,g         * 
  _ADS1148_A1csoff
                                  fffe21bf         a   func ,g         * 
  _ADS1148_A1cson
                                  fffe21c9         a   func ,g         * 
  _ADS1148_A1doHIGH
                                  fffe21d3         c   func ,g         * 
  _ADS1148_A1read8
                                  fffe21df        32   func ,g         * 
  _ADS1148_A1out8
                                  fffe2211        23   func ,g         * 
  _adc_spi_reset
                                  fffe2234        1e   func ,g         * 
  _initADS1148A
                                  fffe2252        49   func ,g         * 
  _adc_reset
                                  fffe229b        15   func ,g         * 
  _adc1read1148
                                  fffe22b0        3f   func ,g         * 
  _adc1read1248
                                  fffe22ef        40   func ,g         * 
  _ADS1148A_PLX
                                  fffe232f        16   func ,g         * 
  _ADS1148_A1MUX1
                                  fffe2345        1d   func ,g         * 
  _ADS1148_A1PGA
                                  fffe2362        18   func ,g         * 
  _ADS1148_start
                                  fffe237a        1c   func ,g         * 
  _chk_dpoint
                                  fffe2396        14   func ,g         * 
  _max1
                                  fffe23aa         4   func ,g         * 
  _min1
                                  fffe23ae         6   func ,g         * 
  _vfsel_KONAIA
                                  fffe23b4         7   func ,g         * 
  _vfsel_KONAIB
                                  fffe23bb         7   func ,g         * 
  _vfsel_SHITUDO
                                  fffe23c2         7   func ,g         * 
  _vfsel_MARUCHI1A
                                  fffe23c9         7   func ,g         * 
  _vfsel_MARUCHI2A
                                  fffe23d0         7   func ,g         * 
  _vfsel_MARUCHI3A
                                  fffe23d7         7   func ,g         * 
  _vfsel_INPU_REFZ1
                                  fffe23de        17   func ,g         * 
  _vfsel_INPU_REFZ2
                                  fffe23f5        27   func ,g         * 
  _vfsel_MARUCHI1B
                                  fffe241c        11   func ,g         * 
  _vfsel_MARUCHI2B
                                  fffe242d         7   func ,g         * 
  _vfsel_MARUCHI3B
                                  fffe2434         7   func ,g         * 
  _vfsel_TTEMP1
                                  fffe243b         7   func ,g         * 
  _vfsel_TTEMP2
                                  fffe2442         7   func ,g         * 
  _mplset
                                  fffe2449        42   func ,g         * 
  _vfrd_datasub
                                  fffe248b        43   func ,g         * 
  _vfrd_KONAIA
                                  fffe24ce         f   func ,g         * 
  _vfrd_KONAIB
                                  fffe24dd        14   func ,g         * 
  _vfrd_SHITUDO
                                  fffe24f1         f   func ,g         * 
  _vfrd_MARUCHI1A
                                  fffe2500         f   func ,g         * 
  _vfrd_MARUCHI1B
                                  fffe250f        14   func ,g         * 
  _vfrd_MARUCHI2A
                                  fffe2523         f   func ,g         * 
  _vfrd_MARUCHI2B
                                  fffe2532        14   func ,g         * 
  _vfrd_MARUCHI3A
                                  fffe2546         f   func ,g         * 
  _vfrd_MARUCHI3B
                                  fffe2555        14   func ,g         * 
  _vfrd_TTEMP1
                                  fffe2569        14   func ,g         * 
  _vfrd_TTEMP2
                                  fffe257d        14   func ,g         * 
  _vfrd_REFS1
                                  fffe2591        14   func ,g         * 
  _vfrd_REFS2
                                  fffe25a5        14   func ,g         * 
  _vfrd_REFZ1
                                  fffe25b9        14   func ,g         * 
  _vfrd_REFZ2
                                  fffe25cd        14   func ,g         * 
  _adcprd
                                  fffe25e1        14   func ,g         * 
  _ShiftData
                                  fffe25f5        48   func ,g         * 
  _inputnextch
                                  fffe263d        6b   func ,g         * 
  _adc
                                  fffe26a8        60   func ,g         * 
FILE=.\src\Datatbl.obj
                                  fffe2708  fffe2a47       340
  _get_eep_para
                                  fffe2708        15   func ,g         * 
  _get_para
                                  fffe271d        1d   func ,g         * 
  _set_para
                                  fffe273a        30   func ,g         * 
  _get_eep_err_rireki
                                  fffe276a        17   func ,g         * 
  _get_err_rireki
                                  fffe2781        16   func ,g         * 
  _set_err_rireki
                                  fffe2797        2d   func ,g         * 
  _get_eep_other
                                  fffe27c4        17   func ,g         * 
  _get_other
                                  fffe27db        16   func ,g         * 
  _set_other
                                  fffe27f1        2d   func ,g         * 
  _search_gr
                                  fffe281e        2f   func ,g         * 
  _get_data
                                  fffe284d        37   func ,g         * 
  _set_data
                                  fffe2884        3d   func ,g         * 
  _get_eep_addr
                                  fffe28c1        39   func ,g         * 
  _get_table_addr
                                  fffe28fa        25   func ,g         * 
  _get_min
                                  fffe291f        67   func ,g         * 
  _get_max
                                  fffe2986        2a   func ,g         * 
  _get_default
                                  fffe29b0         6   func ,g         * 
  _is_yoyaku
                                  fffe29b6         8   func ,g         * 
  _get_max_day
                                  fffe29be        3c   func ,g         * 
  _gaibu1_is_enable
                                  fffe29fa         f   func ,g         * 
  _gaibu2_is_enable
                                  fffe2a09         f   func ,g         * 
  _gaibu3_is_enable
                                  fffe2a18         f   func ,g         * 
  _input_enable
                                  fffe2a27        21   func ,g         * 
FILE=.\src\MB85RS64V.obj
                                  fffe2a48  fffe2b96       14f
  _skon
                                  fffe2a48         8   func ,g         * 
  _skoff
                                  fffe2a50         8   func ,g         * 
  _cson
                                  fffe2a58         8   func ,g         * 
  _csoff
                                  fffe2a60         8   func ,g         * 
  _sion
                                  fffe2a68         8   func ,g         * 
  _sioff
                                  fffe2a70         8   func ,g         * 
  _skset
                                  fffe2a78         5   func ,g         * 
  _chip_e
                                  fffe2a7d         8   func ,g         * 
  _chip_d
                                  fffe2a85         2   func ,g         * 
  _out8
                                  fffe2a87        1e   func ,g         * 
  _inp8
                                  fffe2aa5        25   func ,g         * 
  _epr_read
                                  fffe2aca        37   func ,g         * 
  _epr_wren
                                  fffe2b01         b   func ,g         * 
  _epr_wrdi
                                  fffe2b0c         b   func ,g         * 
  _epr_write
                                  fffe2b17        31   func ,g         * 
  _get_fram2
                                  fffe2b48         9   func ,g         * 
  _put_fram2
                                  fffe2b51        21   func ,g         * 
  _get_fram1
                                  fffe2b72         5   func ,g         * 
  _put_fram1
                                  fffe2b77        20   func ,g         * 
FILE=.\src\PPM.obj
                                  fffe2b97  fffe2bc0        2a
  _set_kchange_eng
                                  fffe2b97        15   func ,g         * 
  _set_kchange_dirt
                                  fffe2bac        15   func ,g         * 
FILE=.\src\PPM300.obj
                                  fffe2bc1  fffe3391       7d1
  _nextmodeclr
                                  fffe2bc1        1b   func ,g         * 
  _lockchk1
                                  fffe2bdc        1d   func ,g         * 
  _checksave
                                  fffe2bf9        ef   func ,g         * 
  _start_unten
                                  fffe2ce8         3   func ,g         * 
  _start_reitou_unten
                                  fffe2ceb        52   func ,g         * 
  _start_reitouzou_unten
                                  fffe2d3d        52   func ,g         * 
  _datarefresh
                                  fffe2d8f        3e   func ,g         * 
  _contrefresh
                                  fffe2dcd        4d   func ,g         * 
  _nowset
                                  fffe2e1a        3a   func ,g         * 
  _chkover
                                  fffe2e54       116   func ,g         * 
  _iventchk
                                  fffe2f6a       35c   func ,g         * 
  _taskdummy
                                  fffe32c6         1   func ,g         * 
  _tasksub1
                                  fffe32c7        2b   func ,g         * 
  _tasksub
                                  fffe32f2        27   func ,g         * 
  _main
                                  fffe3319        79   func ,g         * 
FILE=.\src\RX4571LC.obj
                                  fffe3392  fffe361d       28c
  _rtc_skon
                                  fffe3392         8   func ,g         * 
  _rtc_skoff
                                  fffe339a         8   func ,g         * 
  _rtc_doon
                                  fffe33a2         8   func ,g         * 
  _rtc_dooff
                                  fffe33aa         8   func ,g         * 
  _rtc_ceon
                                  fffe33b2         8   func ,g         * 
  _rtc_ceoff
                                  fffe33ba         8   func ,g         * 
  _rtc_skset
                                  fffe33c2         5   func ,g         * 
  _rtc_chip_e
                                  fffe33c7         8   func ,g         * 
  _rtc_chip_d
                                  fffe33cf         2   func ,g         * 
  _rtcin
                                  fffe33d1         c   func ,g         * 
  _rtcinp8
                                  fffe33dd        2d   func ,g         * 
  _rtcout8
                                  fffe340a        1f   func ,g         * 
  _makertc1
                                  fffe3429         c   func ,g         * 
  _makertc2
                                  fffe3435         f   func ,g         * 
  _makertc3
                                  fffe3444         f   func ,g         * 
  _makertc4
                                  fffe3453         f   func ,g         * 
  _makertc5
                                  fffe3462        2f   func ,g         * 
  _rd_rtc
                                  fffe3491        ba   func ,g         * 
  _wr_rtc
                                  fffe354b        6c   func ,g         * 
  _initrtc
                                  fffe35b7        67   func ,g         * 
FILE=.\src\advalue.obj
                                  fffe361e  fffe3d3f       722
  _range_chk
                                  fffe361e        50   func ,g         * 
  _cscalsub2
                                  fffe366e         b   func ,g         * 
  _rtlini
                                  fffe3679        a7   func ,g         * 
  _linsub1
                                  fffe3720        3f   func ,g         * 
  _linsub2
                                  fffe375f        3f   func ,g         * 
  _rlin
                                  fffe379e        4b   func ,g         * 
  _mktermt1
                                  fffe37e9        23   func ,g         * 
  _mktermt2
                                  fffe380c        23   func ,g         * 
  _advaluesub
                                  fffe382f       3fc   func ,g         * 
  _transf
                                  fffe3c2b        b3   func ,g         * 
  _advalue
                                  fffe3cde        62   func ,g         * 
FILE=.\src\p_comm0.obj
                                  fffe3d40  fffe3fa7       268
  _get_speed_uart0
                                  fffe3d40        13   func ,g         * 
  _get_device_uart0
                                  fffe3d53        1f   func ,g         * 
  _get_parity_uart0
                                  fffe3d72        18   func ,g         * 
  _get_stopbit_uart0
                                  fffe3d8a        11   func ,g         * 
  _start_uart0
                                  fffe3d9b        8d   func ,g         * 
  _rx0_shinko
                                  fffe3e28        60   func ,g         * 
  _tx0_shinko
                                  fffe3e88        30   func ,g         * 
  _rx0_rtu
                                  fffe3eb8        72   func ,g         * 
  _tx0_rtu
                                  fffe3f2a        2d   func ,g         * 
  _rtu0_35
                                  fffe3f57        2d   func ,g         * 
  _uart0_tx_start
                                  fffe3f84        24   func ,g         * 
FILE=.\src\p_comm1.obj
                                  fffe3fa8  fffe40c4       11d
  _start_uart1
                                  fffe3fa8        2d   func ,g         * 
  _rx1_rtu
                                  fffe3fd5        72   func ,g         * 
  _tx1_rtu
                                  fffe4047        2d   func ,g         * 
  _rtu1_35
                                  fffe4074        2d   func ,g         * 
  _uart1_tx_start
                                  fffe40a1        24   func ,g         * 
FILE=.\src\p_comm12.obj
                                  fffe40c5  fffe425d       199
  _start_uart12
                                  fffe40c5        32   func ,g         * 
  _rx12_shinko
                                  fffe40f7        60   func ,g         * 
  _tx12_shinko
                                  fffe4157        30   func ,g         * 
  _rx12_rtu
                                  fffe4187        52   func ,g         * 
  _tx12_rtu
                                  fffe41d9        2d   func ,g         * 
  _rtu12_35
                                  fffe4206        2d   func ,g         * 
  _uart12_tx_start
                                  fffe4233        2b   func ,g         * 
FILE=.\src\p_comm_fhost.obj
                                  fffe425e  fffe434f        f2
  _host_select_erea
                                  fffe425e        47   func ,g         * 
  _read_cmd_host
                                  fffe42a5        4a   func ,g         * 
  _write_cmd_host
                                  fffe42ef        4a   func ,g         * 
  _host_write_status_check
                                  fffe4339        17   func ,g         * 
FILE=.\src\p_comm_fhost_cmd.obj
                                  fffe4350  fffe45cb       27c
  _wr_h_unten_start
                                  fffe4350        3d   func ,g         * 
  _wr_h_unten_stop
                                  fffe438d        20   func ,g         * 
  _wr_h_light
                                  fffe43ad        3a   func ,g         * 
  _wr_h_buzzer_stop
                                  fffe43e7         1   func ,g         * 
  _wr_h_tenken_clear
                                  fffe43e8        6f   func ,g         * 
  _wr_h_shudoujoso_start
                                  fffe4457        35   func ,g         * 
  _wr_h_shudoujoso_stop
                                  fffe448c        57   func ,g         * 
  _wr_h_errclr
                                  fffe44e3        3c   func ,g         * 
  _wr_h_program_clear
                                  fffe451f        1f   func ,g         * 
  _wr_h_parameter_clear
                                  fffe453e        13   func ,g         * 
  _host_command_make_phase
                                  fffe4551        19   func ,g         * 
  _host_read_command_data
                                  fffe456a        13   func ,g         * 
  _host_write_command_data
                                  fffe457d        4f   func ,g         * 
FILE=.\src\p_comm_fhost_dir.obj
                                  fffe45cc  fffe4a4d       482
  _rdyear
                                  fffe45cc        12   func ,g         * 
  _rdmonth
                                  fffe45de         c   func ,g         * 
  _rdday
                                  fffe45ea         c   func ,g         * 
  _rdweek
                                  fffe45f6         c   func ,g         * 
  _rdhour
                                  fffe4602         c   func ,g         * 
  _rdminute
                                  fffe460e         c   func ,g         * 
  _wr_dir_holiday
                                  fffe461a        5b   func ,g         * 
  _wr_dir_kanetu
                                  fffe4675        5a   func ,g         * 
  _wr_dir_sv_reitou
                                  fffe46cf        4b   func ,g         * 
  _wr_dir_sv_reitouzou
                                  fffe471a        4b   func ,g         * 
  _wr_dir_time
                                  fffe4765        4b   func ,g         * 
  _wryear
                                  fffe47b0        38   func ,g         * 
  _checkmonth
                                  fffe47e8        4d   func ,g         * 
  _wrmonth
                                  fffe4835        2c   func ,g         * 
  _wrday
                                  fffe4861        37   func ,g         * 
  _wrweek
                                  fffe4898        31   func ,g         * 
  _wrhour
                                  fffe48c9        32   func ,g         * 
  _wrminute
                                  fffe48fb        32   func ,g         * 
  _disp_direct_make_phase
                                  fffe492d        32   func ,g         * 
  _disp_direct_time_make_phase
                                  fffe495f        19   func ,g         * 
  _host_read_direct_data
                                  fffe4978        2d   func ,g         * 
  _host_write_direct_data
                                  fffe49a5        3e   func ,g         * 
  _host_read_direct_time_data
                                  fffe49e3        2d   func ,g         * 
  _host_write_direct_time_data
                                  fffe4a10        3e   func ,g         * 
FILE=.\src\p_comm_fhost_eng.obj
                                  fffe4a4e  fffe4b58       10b
  _disp_eng_make_phase
                                  fffe4a4e        2a   func ,g         * 
  _host_read_engineering_data
                                  fffe4a78        40   func ,g         * 
  _write_engineering_sub
                                  fffe4ab8        5b   func ,g         * 
  _host_write_engineering_data
                                  fffe4b13        46   func ,g         * 
FILE=.\src\p_comm_fhost_joso.obj
                                  fffe4b59  fffe4bf2        9a
  _disp_joso_make_phase
                                  fffe4b59        31   func ,g         * 
  _host_read_joso_data
                                  fffe4b8a        2c   func ,g         * 
  _host_write_joso_data
                                  fffe4bb6        3d   func ,g         * 
FILE=.\src\p_comm_fhost_mai.obj
                                  fffe4bf3  fffe4d36       144
  _rd_factory_mode_sub
                                  fffe4bf3         e   func ,g         * 
  _rd_factory_mode
                                  fffe4c01         7   func ,g         * 
  _rd_factory_output
                                  fffe4c08        1c   func ,g         * 
  _wr_factory_mode
                                  fffe4c24        38   func ,g         * 
  _wr_factory_output
                                  fffe4c5c        59   func ,g         * 
  _host_maintenace_make_phase
                                  fffe4cb5        19   func ,g         * 
  _host_read_maintenace_data
                                  fffe4cce        2d   func ,g         * 
  _host_write_maintenace_data
                                  fffe4cfb        3c   func ,g         * 
FILE=.\src\p_comm_fhost_maiR.obj
                                  fffe4d37  fffe4f73       23d
  _rd_DHH
                                  fffe4d37        13   func ,g         * 
  _rd_DH
                                  fffe4d4a        13   func ,g         * 
  _rd_FAN1
                                  fffe4d5d        13   func ,g         * 
  _rd_FAN2
                                  fffe4d70        13   func ,g         * 
  _rd_FAN3
                                  fffe4d83        13   func ,g         * 
  _rd_TA
                                  fffe4d96        13   func ,g         * 
  _rd_SV1
                                  fffe4da9        13   func ,g         * 
  _rd_SV2
                                  fffe4dbc        13   func ,g         * 
  _rd_SV3
                                  fffe4dcf        13   func ,g         * 
  _rd_SV4
                                  fffe4de2        13   func ,g         * 
  _rd_CPC
                                  fffe4df5        13   func ,g         * 
  _rd_HG1
                                  fffe4e08        13   func ,g         * 
  _rd_DM1
                                  fffe4e1b        13   func ,g         * 
  _rd_DM2
                                  fffe4e2e        13   func ,g         * 
  _rd_DM3
                                  fffe4e41        13   func ,g         * 
  _rd_LA
                                  fffe4e54        13   func ,g         * 
  _rd_t_left_A0067
                                  fffe4e67        1c   func ,g         * 
  _rd_t_joso
                                  fffe4e83         d   func ,g         * 
  _rd_t_delay_reizou
                                  fffe4e90         4   func ,g         * 
  _rd_t_sw_H1_H2
                                  fffe4e94         4   func ,g         * 
  _rd_t_sw_SV1
                                  fffe4e98         4   func ,g         * 
  _rd_t_sw_SV2
                                  fffe4e9c         4   func ,g         * 
  _rd_t_sw_SV3
                                  fffe4ea0         4   func ,g         * 
  _rd_t_sw_FAN1
                                  fffe4ea4         4   func ,g         * 
  _rd_t_sw_FAN2
                                  fffe4ea8         4   func ,g         * 
  _rd_t_sw_FAN3
                                  fffe4eac         4   func ,g         * 
  _rd_t_kanetu_strong
                                  fffe4eb0        31   func ,g         * 
  _rd_t_kanetu_low
                                  fffe4ee1        32   func ,g         * 
  _rd_t_kashitu_strong
                                  fffe4f13         4   func ,g         * 
  _rd_t_kashitu_low
                                  fffe4f17         4   func ,g         * 
  _host_maintenaceR_make_phase
                                  fffe4f1b        19   func ,g         * 
  _host_read_maintenaceR_data
                                  fffe4f34        2d   func ,g         * 
  _host_write_maintenaceR_data
                                  fffe4f61        13   func ,g         * 
FILE=.\src\p_comm_fhost_maiW.obj
                                  fffe4f74  fffe532c       3b9
  _wr_clr_DHH
                                  fffe4f74        36   func ,g         * 
  _wr_clr_DH
                                  fffe4faa        36   func ,g         * 
  _wr_clr_FAN1
                                  fffe4fe0        36   func ,g         * 
  _wr_clr_FAN2
                                  fffe5016        36   func ,g         * 
  _wr_clr_FAN3
                                  fffe504c        36   func ,g         * 
  _wr_clr_TA
                                  fffe5082        36   func ,g         * 
  _wr_clr_SV1
                                  fffe50b8        36   func ,g         * 
  _wr_clr_SV2
                                  fffe50ee        36   func ,g         * 
  _wr_clr_SV3
                                  fffe5124        36   func ,g         * 
  _wr_clr_SV4
                                  fffe515a        36   func ,g         * 
  _wr_clr_CPC
                                  fffe5190        36   func ,g         * 
  _wr_clr_HG1
                                  fffe51c6        36   func ,g         * 
  _wr_clr_DM1
                                  fffe51fc        36   func ,g         * 
  _wr_clr_DM2
                                  fffe5232        36   func ,g         * 
  _wr_clr_DM3
                                  fffe5268        36   func ,g         * 
  _wr_clr_LA
                                  fffe529e        36   func ,g         * 
  _host_maintenaceW_make_phase
                                  fffe52d4        19   func ,g         * 
  _host_read_maintenaceW_data
                                  fffe52ed        13   func ,g         * 
  _host_write_maintenaceW_data
                                  fffe5300        2d   func ,g         * 
FILE=.\src\p_comm_fhost_mon.obj
                                  fffe532d  fffe555c       230
  _rd_h_set_sv1
                                  fffe532d         c   func ,g         * 
  _rd_h_set_sv2
                                  fffe5339         6   func ,g         * 
  _rd_h_tenken
                                  fffe533f         6   func ,g         * 
  _rd_h_memory
                                  fffe5345         6   func ,g         * 
  _rd_h_unten_md
                                  fffe534b        1f   func ,g         * 
  _rd_h_holidays_left
                                  fffe536a        19   func ,g         * 
  _rd_h_status1
                                  fffe5383        1f   func ,g         * 
  _rd_h_status2
                                  fffe53a2        7f   func ,g         * 
  _rd_h_status3
                                  fffe5421        83   func ,g         * 
  _rd_h_err1
                                  fffe54a4         c   func ,g         * 
  _rd_h_err2
                                  fffe54b0         c   func ,g         * 
  _rd_h_err3
                                  fffe54bc         4   func ,g         * 
  _rd_h_err4
                                  fffe54c0         4   func ,g         * 
  _rd_h_time
                                  fffe54c4        14   func ,g         * 
  _host_monitor_make_phase
                                  fffe54d8        32   func ,g         * 
  _host_read_monitor_data
                                  fffe550a        40   func ,g         * 
  _host_write_monitor_data
                                  fffe554a        13   func ,g         * 
FILE=.\src\p_comm_func.obj
                                  fffe555d  fffe573a       1de
  _rdyaku
                                  fffe555d         6   func ,g         * 
  _rdnone
                                  fffe5563        1f   func ,g         * 
  _rdcomm
                                  fffe5582        14   func ,g         * 
  _rd_time
                                  fffe5596         1   func ,g         * 
  _rd_prs
                                  fffe5597         8   func ,g         * 
  _rd_ver
                                  fffe559f         6   func ,g         * 
  _rd_rom
                                  fffe55a5         8   func ,g         * 
  _rd_opuse
                                  fffe55ad         c   func ,g         * 
  _rd_settype
                                  fffe55b9         c   func ,g         * 
  _rd_pv1
                                  fffe55c5         d   func ,g         * 
  _rd_pv2
                                  fffe55d2         d   func ,g         * 
  _rd_pv3
                                  fffe55df         d   func ,g         * 
  _rd_pv4
                                  fffe55ec         d   func ,g         * 
  _rd_pv5
                                  fffe55f9         d   func ,g         * 
  _rd_ttemp1
                                  fffe5606         d   func ,g         * 
  _rd_ttemp2
                                  fffe5613         d   func ,g         * 
  _wrnone
                                  fffe5620        1f   func ,g         * 
  _wryaku
                                  fffe563f         c   func ,g         * 
  _wrnak3
                                  fffe564b         c   func ,g         * 
  _wrnak4
                                  fffe5657         c   func ,g         * 
  _wrnak5
                                  fffe5663         c   func ,g         * 
  _wrcomm
                                  fffe566f        47   func ,g         * 
  _wr_prs
                                  fffe56b6        85   func ,g         * 
FILE=.\src\p_comm_rtu.obj
                                  fffe573b  fffe5a6e       334
  _mksendt_rtu
                                  fffe573b        26   func ,g         * 
  _mksendt_1b_rtu
                                  fffe5761        15   func ,g         * 
  _getdt_rtu
                                  fffe5776        27   func ,g         * 
  _makecrc
                                  fffe579d        28   func ,g         * 
  _check_sum_rtu
                                  fffe57c5        34   func ,g         * 
  _make_sum_rtu
                                  fffe57f9        57   func ,g         * 
  _mhead_ack_r_rtu
                                  fffe5850        30   func ,g         * 
  _mhead_ack_w_rtu
                                  fffe5880        55   func ,g         * 
  _mhead_nak_rtu
                                  fffe58d5        37   func ,g         * 
  _scomu_rtu_sub
                                  fffe590c        1d   func ,g         * 
  _rdm0x03
                                  fffe5929        4e   func ,g         * 
  _rdm0x06
                                  fffe5977        35   func ,g         * 
  _rdm0x10
                                  fffe59ac        61   func ,g         * 
  _scomu_rtu
                                  fffe5a0d        62   func ,g         * 
FILE=.\src\p_comm_shinko.obj
                                  fffe5a6f  fffe5ef3       485
  _asc_h
                                  fffe5a6f         f   func ,g         * 
  _hextoasc
                                  fffe5a7e        29   func ,g         * 
  _d_hex
                                  fffe5aa7        23   func ,g         * 
  _asctodec
                                  fffe5aca        2e   func ,g         * 
  _make_sum_shinko
                                  fffe5af8        54   func ,g         * 
  _mhead_ack_r_shinko
                                  fffe5b4c        23   func ,g         * 
  _check_sum_shinko
                                  fffe5b6f        5f   func ,g         * 
  _cmkadd
                                  fffe5bce        10   func ,g         * 
  _cmkdatasuu
                                  fffe5bde        10   func ,g         * 
  _rd0x20
                                  fffe5bee        2c   func ,g         * 
  _rd0x24
                                  fffe5c1a        3d   func ,g         * 
  _wr0x50
                                  fffe5c57        38   func ,g         * 
  _wr0x54
                                  fffe5c8f        5f   func ,g         * 
  _rd0x60
                                  fffe5cee         9   func ,g         * 
  _rd0x61
                                  fffe5cf7         9   func ,g         * 
  _rd0x63
                                  fffe5d00        31   func ,g         * 
  _rd0x64
                                  fffe5d31        50   func ,g         * 
  _rd0x62
                                  fffe5d81         d   func ,g         * 
  _wr0x70
                                  fffe5d8e        1b   func ,g         * 
  _wr0x71
                                  fffe5da9        1b   func ,g         * 
  _wr0x73
                                  fffe5dc4        33   func ,g         * 
  _wr0x72
                                  fffe5df7        21   func ,g         * 
  _scomu_shinko_sub
                                  fffe5e18        77   func ,g         * 
  _scomu_shinko
                                  fffe5e8f        65   func ,g         * 
FILE=.\src\p_comm_sub.obj
                                  fffe5ef4  fffe614b       258
  _clr_tx
                                  fffe5ef4        20   func ,g         * 
  _clr_rx
                                  fffe5f14        1f   func ,g         * 
  _txbegin
                                  fffe5f33        31   func ,g         * 
  _comret_dt
                                  fffe5f64        48   func ,g         * 
  _cmkdat
                                  fffe5fac        4a   func ,g         * 
  _readcmd
                                  fffe5ff6        23   func ,g         * 
  _readcmdblk
                                  fffe6019        4c   func ,g         * 
  _wrsetcmd
                                  fffe6065        23   func ,g         * 
  _wrsetcmdblk
                                  fffe6088        48   func ,g         * 
  _scomu
                                  fffe60d0        3f   func ,g         * 
  _uartm_comm
                                  fffe610f        3d   func ,g         * 
FILE=.\src\p_cont.obj
                                  fffe614c  fffe669e       553
  _is_untenchu
                                  fffe614c         b   func ,g         * 
  _make_IO_out
                                  fffe6157       11c   func ,g         * 
  _control1
                                  fffe6273       234   func ,g         * 
  _checkRealTime
                                  fffe64a7        27   func ,g         * 
  _josoCYCL
                                  fffe64ce        ed   func ,g         * 
  _josotON
                                  fffe65bb        c2   func ,g         * 
  _set_output
                                  fffe667d        14   func ,g         * 
  _turnof_all_output
                                  fffe6691         e   func ,g         * 
FILE=.\src\p_cont_fan.obj
                                  fffe669f  fffe68a1       203
  _control_FAN
                                  fffe669f        3a   func ,g         * 
  _control_FAN_reitou
                                  fffe66d9        71   func ,g         * 
  _control_FAN_reitouzou
                                  fffe674a        b5   func ,g         * 
  _control_FAN12_ONOFF
                                  fffe67ff        a3   func ,g         * 
FILE=.\src\p_cont_holiday.obj
                                  fffe68a2  fffe6913        72
  _control_holiday
                                  fffe68a2         e   func ,g         * 
  _unten_holiday
                                  fffe68b0        5e   func ,g         * 
  _convert_min
                                  fffe690e         6   func ,g         * 
FILE=.\src\p_cont_reikyaku.obj
                                  fffe6914  fffe6cdb       3c8
  _control_reikyaku
                                  fffe6914       204   func ,g         * 
  _control_SV3_4
                                  fffe6b18       1c4   func ,g         * 
FILE=.\src\p_factory.obj
                                  fffe6cdc  fffe6e25       14a
  _fact_out_off
                                  fffe6cdc         a   func ,g         * 
  _fact_out_DH
                                  fffe6ce6         a   func ,g         * 
  _fact_out_JOSO
                                  fffe6cf0         a   func ,g         * 
  _fact_out_DHH
                                  fffe6cfa         a   func ,g         * 
  _fact_out_SV2
                                  fffe6d04         a   func ,g         * 
  _fact_out_SV3
                                  fffe6d0e         a   func ,g         * 
  _fact_out_SV4
                                  fffe6d18         a   func ,g         * 
  _fact_out_ARSV
                                  fffe6d22         a   func ,g         * 
  _fact_out_SPSV
                                  fffe6d2c         a   func ,g         * 
  _fact_out_FAN1
                                  fffe6d36         a   func ,g         * 
  _fact_out_FAN2
                                  fffe6d40         a   func ,g         * 
  _fact_out_FAN3
                                  fffe6d4a         a   func ,g         * 
  _fact_out_OVN
                                  fffe6d54         a   func ,g         * 
  _fact_out_TA
                                  fffe6d5e         a   func ,g         * 
  _fact_out_LA
                                  fffe6d68         a   func ,g         * 
  _fact_out_H1
                                  fffe6d72         a   func ,g         * 
  _fact_out_H2
                                  fffe6d7c         a   func ,g         * 
  _fact_out_CPC
                                  fffe6d86         a   func ,g         * 
  _fact_out_H3
                                  fffe6d90         a   func ,g         * 
  _fact_out_H4
                                  fffe6d9a         a   func ,g         * 
  _fact_out_HG
                                  fffe6da4         a   func ,g         * 
  _fact_out_WG
                                  fffe6dae         a   func ,g         * 
  _fact_out_yobi
                                  fffe6db8         a   func ,g         * 
  _fact_out_MT1
                                  fffe6dc2         a   func ,g         * 
  _fact_out_MT2
                                  fffe6dcc         a   func ,g         * 
  _fact_out_MT3
                                  fffe6dd6         a   func ,g         * 
  _fact_out_buzz
                                  fffe6de0         a   func ,g         * 
  _fact_in_buzz
                                  fffe6dea         a   func ,g         * 
  _factchk
                                  fffe6df4        32   func ,g         * 
FILE=.\src\p_init.obj
                                  fffe6e26  fffe70ad       288
  _clrprog_para
                                  fffe6e26        41   func ,g         * 
  _clrprog_pro
                                  fffe6e67        30   func ,g         * 
  _clr_err_rireki
                                  fffe6e97        2a   func ,g         * 
  _clr_prog
                                  fffe6ec1        b5   func ,g         * 
  _data_clr
                                  fffe6f76        cf   func ,g         * 
  _clerachk
                                  fffe7045        1a   func ,g         * 
  _sysClear
                                  fffe705f        29   func ,g         * 
  _adjsave
                                  fffe7088        26   func ,g         * 
FILE=.\src\p_interrupt.obj
                                  fffe70ae  fffe71c2       115
  _SCI0_rx_interrupt
                                  fffe70ae        1e   func ,g         * 
  _SCI0_tx_interrupt
                                  fffe70cc        17   func ,g         * 
  _SCI1_rx_interrupt
                                  fffe70e3         b   func ,g         * 
  _SCI1_tx_interrupt
                                  fffe70ee         4   func ,g         * 
  _SCI12_rx_interrupt
                                  fffe70f2         b   func ,g         * 
  _SCI12_tx_interrupt
                                  fffe70fd         4   func ,g         * 
  _ext_wdt_reset
                                  fffe7101         e   func ,g         * 
  _wdtchk
                                  fffe710f        2b   func ,g         * 
  _timer_cmt0_interrupt
                                  fffe713a        75   func ,g         * 
  _tmr0_interrupt
                                  fffe71af        14   func ,g         * 
FILE=.\src\p_key.obj
                                  fffe71c3  fffe734c       18a
  _ie_KEYSTART
                                  fffe71c3        48   func ,g         * 
  _ie_KEYSTOP
                                  fffe720b        26   func ,g         * 
  _stop_sub
                                  fffe7231        13   func ,g         * 
  _extcommandsub
                                  fffe7244        65   func ,g         * 
  _exitchk
                                  fffe72a9        92   func ,g         * 
  _command
                                  fffe733b        12   func ,g         * 
FILE=.\src\p_math.obj
                                  fffe734d  fffe751e       1d2
  _min_i16
                                  fffe734d         4   func ,g         * 
  _mini_i32
                                  fffe7351         4   func ,g         * 
  _min_f
                                  fffe7355        14   func ,g         * 
  _min_d
                                  fffe7369        14   func ,g         * 
  _max_i16
                                  fffe737d         6   func ,g         * 
  _maxi_i32
                                  fffe7383         6   func ,g         * 
  _max_f
                                  fffe7389        14   func ,g         * 
  _max_d
                                  fffe739d        14   func ,g         * 
  _ulabs
                                  fffe73b1         3   func ,g         * 
  _uiabs
                                  fffe73b4         b   func ,g         * 
  _limit_check
                                  fffe73bf        19   func ,g         * 
  _limit_wcheck
                                  fffe73d8        19   func ,g         * 
  _limit_lcheck
                                  fffe73f1        19   func ,g         * 
  _make_limit
                                  fffe740a        17   func ,g         * 
  _convert_long2int16
                                  fffe7421        1b   func ,g         * 
  _convert_double2long
                                  fffe743c        3f   func ,g         * 
  _convert_double2int16
                                  fffe747b        6c   func ,g         * 
  _rdown_double2int16
                                  fffe74e7        38   func ,g         * 
FILE=.\src\p_self.obj
                                  fffe751f  fffe7524         6
  _set_self_out
                                  fffe751f         6   func ,g         * 
FILE=.\src\p_startup.obj
                                  fffe7525  fffe76ad       189
  _rdsramajs
                                  fffe7525        21   func ,g         * 
  _rdsram
                                  fffe7546        70   func ,g         * 
  _chk_harware_fram
                                  fffe75b6        53   func ,g         * 
  _chk_eeprom
                                  fffe7609        43   func ,g         * 
  _iniram
                                  fffe764c        62   func ,g         * 
FILE=.\src\p_timer_cmt0.obj
                                  fffe76ae  fffe78d7       22a
  _start_timer_cmt0
                                  fffe76ae         4   func ,g         * 
  _systm1min
                                  fffe76b2        6f   func ,g         * 
  _systm1sec
                                  fffe7721        ee   func ,g         * 
  _systm250msec
                                  fffe780f        c9   func ,g         * 
FILE=.\src\p_timer_r0.obj
                                  fffe78d8  fffe78db         4
  _start_timer_r0
                                  fffe78d8         4   func ,g         * 
FILE=.\src\smc_gen\Config_CMT0\Config_CMT0.obj
                                  fffe78dc  fffe7931        56
  _R_Config_CMT0_Create
                                  fffe78dc        2d   func ,g         * 
  _R_Config_CMT0_Start
                                  fffe7909        13   func ,g         * 
  _R_Config_CMT0_Stop
                                  fffe791c        16   func ,g         * 
FILE=.\src\smc_gen\Config_CMT0\Config_CMT0_user.obj
                                  fffe7932  fffe7940         f
  _R_Config_CMT0_Create_UserInit
                                  fffe7932         1   func ,g         * 
  _r_Config_CMT0_cmi0_interrupt
                                  fffe7933         e   func ,l         * 
FILE=.\src\smc_gen\Config_IWDT\Config_IWDT.obj
                                  fffe7941  fffe795f        1f
  _R_Config_IWDT_Create
                                  fffe7941        13   func ,g         * 
  _R_Config_IWDT_Restart
                                  fffe7954         c   func ,g         * 
FILE=.\src\smc_gen\Config_IWDT\Config_IWDT_user.obj
                                  fffe7960  fffe7960         1
  _R_Config_IWDT_Create_UserInit
                                  fffe7960         1   func ,g         * 
FILE=.\src\smc_gen\Config_PORT\Config_PORT.obj
                                  fffe7961  fffe7a55        f5
  _R_Config_PORT_Create
                                  fffe7961        f5   func ,g         * 
FILE=.\src\smc_gen\Config_PORT\Config_PORT_user.obj
                                  fffe7a56  fffe7a56         1
  _R_Config_PORT_Create_UserInit
                                  fffe7a56         1   func ,g         * 
FILE=.\src\smc_gen\Config_SCI0\Config_SCI0.obj
                                  fffe7a57  fffe7b72       11c
  _R_Config_SCI0_Create
                                  fffe7a57        5c   func ,g         * 
  _R_Config_SCI0_Start
                                  fffe7ab3        1b   func ,g         * 
  _R_Config_SCI0_Stop
                                  fffe7ace        34   func ,g         * 
  _R_Config_SCI0_Serial_Receive
                                  fffe7b02        2c   func ,g         * 
  _R_Config_SCI0_Serial_Send
                                  fffe7b2e        45   func ,g         * 
FILE=.\src\smc_gen\Config_SCI0\Config_SCI0_user.obj
                                  fffe7b73  fffe7c42        d0
  _R_Config_SCI0_Create_UserInit
                                  fffe7b73         1   func ,g         * 
  _r_Config_SCI0_transmit_interrupt
                                  fffe7b74        33   func ,l         * 
  _r_Config_SCI0_transmitend_interrupt
                                  fffe7ba7        24   func ,l         * 
  _r_Config_SCI0_receive_interrupt
                                  fffe7bcb        49   func ,l         * 
  _r_Config_SCI0_receiveerror_interrupt
                                  fffe7c14        1d   func ,l         * 
  _r_Config_SCI0_callback_transmitend
                                  fffe7c31        10   func ,l         * 
  _r_Config_SCI0_callback_receiveend
                                  fffe7c41         1   func ,l         * 
  _r_Config_SCI0_callback_receiveerror
                                  fffe7c42         1   func ,l         * 
FILE=.\src\smc_gen\Config_SCI1\Config_SCI1.obj
                                  fffe7c43  fffe7d61       11f
  _R_Config_SCI1_Create
                                  fffe7c43        5f   func ,g         * 
  _R_Config_SCI1_Start
                                  fffe7ca2        1b   func ,g         * 
  _R_Config_SCI1_Stop
                                  fffe7cbd        34   func ,g         * 
  _R_Config_SCI1_Serial_Receive
                                  fffe7cf1        2c   func ,g         * 
  _R_Config_SCI1_Serial_Send
                                  fffe7d1d        45   func ,g         * 
FILE=.\src\smc_gen\Config_SCI1\Config_SCI1_user.obj
                                  fffe7d62  fffe7e31        d0
  _R_Config_SCI1_Create_UserInit
                                  fffe7d62         1   func ,g         * 
  _r_Config_SCI1_transmit_interrupt
                                  fffe7d63        33   func ,l         * 
  _r_Config_SCI1_transmitend_interrupt
                                  fffe7d96        24   func ,l         * 
  _r_Config_SCI1_receive_interrupt
                                  fffe7dba        49   func ,l         * 
  _r_Config_SCI1_receiveerror_interrupt
                                  fffe7e03        1d   func ,l         * 
  _r_Config_SCI1_callback_transmitend
                                  fffe7e20        10   func ,l         * 
  _r_Config_SCI1_callback_receiveend
                                  fffe7e30         1   func ,l         * 
  _r_Config_SCI1_callback_receiveerror
                                  fffe7e31         1   func ,l         * 
FILE=.\src\smc_gen\Config_SCI12\Config_SCI12.obj
                                  fffe7e32  fffe7f4b       11a
  _R_Config_SCI12_Create
                                  fffe7e32        5a   func ,g         * 
  _R_Config_SCI12_Start
                                  fffe7e8c        1b   func ,g         * 
  _R_Config_SCI12_Stop
                                  fffe7ea7        34   func ,g         * 
  _R_Config_SCI12_Serial_Receive
                                  fffe7edb        2c   func ,g         * 
  _R_Config_SCI12_Serial_Send
                                  fffe7f07        45   func ,g         * 
FILE=.\src\smc_gen\Config_SCI12\Config_SCI12_user.obj
                                  fffe7f4c  fffe8017        cc
  _R_Config_SCI12_Create_UserInit
                                  fffe7f4c         1   func ,g         * 
  _r_Config_SCI12_transmit_interrupt
                                  fffe7f4d        33   func ,l         * 
  _r_Config_SCI12_transmitend_interrupt
                                  fffe7f80        24   func ,l         * 
  _r_Config_SCI12_receive_interrupt
                                  fffe7fa4        49   func ,l         * 
  _r_Config_SCI12_receiveerror_interrupt
                                  fffe7fed        1d   func ,l         * 
  _r_Config_SCI12_callback_transmitend
                                  fffe800a         1   func ,l         * 
  _r_Config_SCI12_callback_receiveend
                                  fffe800b         c   func ,l         * 
  _r_Config_SCI12_callback_receiveerror
                                  fffe8017         1   func ,l         * 
FILE=.\src\smc_gen\Config_SCI5\Config_SCI5.obj
                                  fffe8018  fffe8133       11c
  _R_Config_SCI5_Create
                                  fffe8018        5c   func ,g         * 
  _R_Config_SCI5_Start
                                  fffe8074        1b   func ,g         * 
  _R_Config_SCI5_Stop
                                  fffe808f        34   func ,g         * 
  _R_Config_SCI5_Serial_Receive
                                  fffe80c3        2c   func ,g         * 
  _R_Config_SCI5_Serial_Send
                                  fffe80ef        45   func ,g         * 
FILE=.\src\smc_gen\Config_SCI5\Config_SCI5_user.obj
                                  fffe8134  fffe81f4        c1
  _R_Config_SCI5_Create_UserInit
                                  fffe8134         1   func ,g         * 
  _r_Config_SCI5_transmit_interrupt
                                  fffe8135        33   func ,l         * 
  _r_Config_SCI5_transmitend_interrupt
                                  fffe8168        24   func ,l         * 
  _r_Config_SCI5_receive_interrupt
                                  fffe818c        49   func ,l         * 
  _r_Config_SCI5_receiveerror_interrupt
                                  fffe81d5        1d   func ,l         * 
  _r_Config_SCI5_callback_transmitend
                                  fffe81f2         1   func ,l         * 
  _r_Config_SCI5_callback_receiveend
                                  fffe81f3         1   func ,l         * 
  _r_Config_SCI5_callback_receiveerror
                                  fffe81f4         1   func ,l         * 
FILE=.\src\smc_gen\Config_TMR0\Config_TMR0.obj
                                  fffe81f5  fffe8246        52
  _R_Config_TMR0_Create
                                  fffe81f5        2e   func ,g         * 
  _R_Config_TMR0_Start
                                  fffe8223        14   func ,g         * 
  _R_Config_TMR0_Stop
                                  fffe8237        10   func ,g         * 
FILE=.\src\smc_gen\Config_TMR0\Config_TMR0_user.obj
                                  fffe8247  fffe8249         3
  _R_Config_TMR0_Create_UserInit
                                  fffe8247         1   func ,g         * 
  _r_Config_TMR0_cmia0_interrupt
[...]
                                  fffe83f4         3   func ,g         * 
  _write
                                  fffe83f7        37   func ,g         * 
  _read
                                  fffe842e        34   func ,g         * 
  _lseek
                                  fffe8462         4   func ,g         * 
FILE=.\src\smc_gen\r_bsp\mcu\all\r_bsp_common.obj
                                  fffe8466  fffe8536        d1
  _R_BSP_GetVersion
                                  fffe8466         6   func ,g         * 
  _R_BSP_GetIClkFreqHz
                                  fffe846c         4   func ,g         * 
  _R_BSP_SoftwareDelay
                                  fffe8470        c7   func ,g         * 
FILE=.\src\smc_gen\r_bsp\mcu\all\r_bsp_cpu.obj
                                  fffe8537  fffe86a0       16a
  _R_BSP_InterruptsDisable
                                  fffe8537         9   func ,g         * 
  _R_BSP_InterruptsEnable
                                  fffe8540         9   func ,g         * 
  _R_BSP_CpuInterruptLevelRead
                                  fffe8549         8   func ,g         * 
  _R_BSP_CpuInterruptLevelWrite
                                  fffe8551        5c   func ,g         * 
  _R_BSP_RegisterProtectEnable
                                  fffe85ad        64   func ,g         * 
  _R_BSP_RegisterProtectDisable
                                  fffe8611        5a   func ,g         * 
  _R_BSP_SoftwareReset
                                  fffe866b        11   func ,g         * 
  _bsp_register_protect_open
                                  fffe867c        12   func ,g         * 
  _bsp_ram_initialize
                                  fffe868e        13   func ,g         * 
FILE=.\src\smc_gen\r_bsp\mcu\all\r_bsp_interrupts.obj
                                  fffe86a1  fffe8874       1d4
  _R_BSP_InterruptRequestEnable
                                  fffe86a1         e   func ,g         * 
  _R_BSP_InterruptRequestDisable
                                  fffe86af         e   func ,g         * 
  _bsp_interrupt_open
                                  fffe86bd        16   func ,g         * 
  _R_BSP_InterruptWrite
                                  fffe86d3        1c   func ,g         * 
  _R_BSP_InterruptRead
                                  fffe86ef        1b   func ,g         * 
  _R_BSP_InterruptControl
                                  fffe870a        50   func ,g         * 
  _bsp_fit_interrupts_control
                                  fffe875a        42   func ,l         * 
  _excep_supervisor_inst_isr
                                  fffe879c        17   func ,g         * 
  _excep_undefined_inst_isr
                                  fffe87b3        17   func ,g         * 
  _non_maskable_isr
                                  fffe87ca        76   func ,g         * 
  _undefined_interrupt_source_isr
                                  fffe8840        17   func ,g         * 
  _bus_error_isr
                                  fffe8857        1e   func ,g         * 
FILE=.\src\smc_gen\r_bsp\mcu\all\r_bsp_locking.obj
                                  fffe8875  fffe88a4        30
  _R_BSP_SoftwareLock
                                  fffe8875        10   func ,g         * 
  _R_BSP_SoftwareUnlock
                                  fffe8885         6   func ,g         * 
  _R_BSP_HardwareLock
                                  fffe888b         d   func ,g         * 
  _R_BSP_HardwareUnlock
                                  fffe8898         d   func ,g         * 
FILE=.\src\smc_gen\r_bsp\mcu\all\r_rx_intrinsic_functions.obj
                                  fffe88a5  fffe8924        80
  _R_BSP_ChangeToUserMode
                                  fffe88a5        20   func ,g         * 
  _R_BSP_SetBPSW
                                  fffe88c5         4   func ,g         * 
  _R_BSP_GetBPSW
                                  fffe88c9        11   func ,g         * 
  _R_BSP_SetBPC
                                  fffe88da         4   func ,g         * 
  _R_BSP_GetBPC
                                  fffe88de        11   func ,g         * 
  _R_BSP_MoveToAccHiLong
                                  fffe88ef         4   func ,g         * 
  _R_BSP_MoveToAccLoLong
                                  fffe88f3         4   func ,g         * 
  _R_BSP_MoveFromAccHiLong
                                  fffe88f7        11   func ,g         * 
  _R_BSP_MoveFromAccMiLong
                                  fffe8908        11   func ,g         * 
  _R_BSP_BitSet
                                  fffe8919         4   func ,g         * 
  _R_BSP_BitClear
                                  fffe891d         4   func ,g         * 
  _R_BSP_BitReverse
                                  fffe8921         4   func ,g         * 
FILE=.\src\smc_gen\r_bsp\mcu\all\sbrk.obj
                                  fffe8925  fffe8945        21
  _sbrk
                                  fffe8925        21   func ,g         * 
FILE=.\src\smc_gen\r_bsp\mcu\rx113\mcu_clocks.obj
                                  fffe8946  fffe8ac5       180
  _get_iclk_freq_hz
                                  fffe8946        64   func ,g         * 
  _mcu_clock_setup
                                  fffe89aa         6   func ,g         * 
  _operating_frequency_set
                                  fffe89b0        4d   func ,l         * 
  _clock_source_select
                                  fffe89fd        74   func ,l         * 
  _usb_lcd_clock_source_select
                                  fffe8a71        55   func ,l         * 
FILE=.\src\smc_gen\r_bsp\mcu\rx113\mcu_init.obj
                                  fffe8ac6  fffe8b50        8b
  _bsp_non_existent_port_init
                                  fffe8ac6        8b   func ,g         * 
FILE=.\src\smc_gen\r_bsp\mcu\rx113\mcu_interrupts.obj
                                  fffe8b51  fffe8b95        45
  _bsp_interrupt_enable_disable
                                  fffe8b51        45   func ,g         * 
FILE=.\src\smc_gen\r_pincfg\Pin.obj
                                  fffe8b96  fffe8c61        cc
  _R_Pins_Create
                                  fffe8b96        cc   func ,g         * 
FILE=freopen
                                  fffe8c62  fffe8c8e        2d
  _freopen
                                  fffe8c62        2d   func ,g         * 
FILE=fclose
                                  fffe8c8f  fffe8ce2        54
  _fclose
                                  fffe8c8f        54   func ,g         * 
FILE=__COM_DIVf
                                  fffe8ce3  fffe8eb4       1d2
  exception1
                                  fffe8ce3         0   none ,l         * 
  exception2
                                  fffe8cf7         0   none ,l         * 
  exception3
                                  fffe8d05         0   none ,l         * 
  p1_normalize
                                  fffe8d1c         0   none ,l         * 
  p1_norm_chack1
                                  fffe8d2f         0   none ,l         * 
  p1_norm_chack2
                                  fffe8d3b         0   none ,l         * 
  p1_norm_loop
                                  fffe8d47         0   none ,l         * 
  exception4
                                  fffe8d6d         0   none ,l         * 
  p2_normalize
                                  fffe8d71         0   none ,l         * 
  p2_norm_chack1
                                  fffe8d84         0   none ,l         * 
  p2_norm_chack2
                                  fffe8d90         0   none ,l         * 
  p2_norm_loop
                                  fffe8d9c         0   none ,l         * 
  return_zero
                                  fffe8db6         0   none ,l         * 
  return_inf
                                  fffe8dbf         0   none ,l         * 
  return_NaN
                                  fffe8dcb         0   none ,l         * 
  __COM_DIVf
                                  fffe8dd4         0   none ,g         * 
  exception_return3
                                  fffe8e02         0   none ,l         * 
  exception_return4
                                  fffe8e07         0   none ,l         * 
  div_start
                                  fffe8e18         0   none ,l         * 
  denormalize
                                  fffe8e6f         0   none ,l         * 
  end_round_d
                                  fffe8e8a         0   none ,l         * 
  round_denormal
                                  fffe8e91         0   none ,l         * 
  end_denormal
                                  fffe8e99         0   none ,l         * 
  round1
                                  fffe8ea2         0   none ,l         * 
FILE=__COM_DIV64u
                                  fffe8eb5  fffe8f4d        99
  __COM_DIV64u
                                  fffe8eb5         0   none ,g         * 
  _Loop_Init
                                  fffe8ebf         0   none ,l         * 
  _Loop
                                  fffe8ec7         0   none ,l         * 
  _DivStart
                                  fffe8ed3         0   none ,l         * 
  _Success
                                  fffe8ee1         0   none ,l         * 
  _DivEnd
                                  fffe8eed         0   none ,l         * 
  IXI6DIV
                                  fffe8ef2         0   none ,l         * 
  IXI4DIV
                                  fffe8f04         0   none ,l         * 
  IXI2DIV
                                  fffe8f14         0   none ,l         * 
  I8I2DIV
                                  fffe8f1c         0   none ,l         * 
  I4I2DIV
                                  fffe8f4a         0   none ,l         * 
  _i8divU_End
                                  fffe8f4d         0   none ,l         * 
FILE=__COM_ADDf_SUBf
                                  fffe8f4e  fffe9077       12a
  __COM_SUBf
                                  fffe8f4e         0   none ,g         * 
  __COM_ADDf
                                  fffe8f55         0   none ,g         * 
  swap_end
                                  fffe8f6d         0   none ,l         * 
  y_normal
                                  fffe8f84         0   none ,l         * 
  after_shift
                                  fffe8fa6         0   none ,l         * 
  round1
                                  fffe8fae         0   none ,l         * 
  no_moving_up
                                  fffe8fbc         0   none ,l         * 
  set_return_value
                                  fffe8fc8         0   none ,l         * 
  add_ovf
                                  fffe8fc9         0   none ,l         * 
  subtract
                                  fffe8fdb         0   none ,l         * 
  next_8
                                  fffe8fee         0   none ,l         * 
  next_4
                                  fffe8ff6         0   none ,l         * 
  next_2
                                  fffe8ffe         0   none ,l         * 
  next_1
                                  fffe9006         0   none ,l         * 
  next_0
                                  fffe900e         0   none ,l         * 
  normalize
                                  fffe900e         0   none ,l         * 
  zero_or_den
                                  fffe901d         0   none ,l         * 
  inf_or_nan
                                  fffe9034         0   none ,l         * 
  return_inf
                                  fffe9040         0   none ,l         * 
  return_nan
                                  fffe904a         0   none ,l         * 
  denormal
                                  fffe9051         0   none ,l         * 
  return_den_sub_result
                                  fffe9063         0   none ,l         * 
  den_add
                                  fffe9064         0   none ,l         * 
  return_y_normal
                                  fffe906b         0   none ,l         * 
  return_y_pack
                                  fffe906d         0   none ,l         * 
  return_y_set_sign
                                  fffe9073         0   none ,l         * 
FILE=__COM_CMPGEf
                                  fffe9078  fffe90be        47
  __COM_CMPGEf
                                  fffe9078         0   none ,g         * 
  OPE_1
                                  fffe9091         0   none ,l         * 
  x_normalized
                                  fffe9097         0   none ,l         * 
  OPE_2
                                  fffe90b0         0   none ,l         * 
  y_normalized
                                  fffe90b6         0   none ,l         * 
  nan
                                  fffe90bc         0   none ,l         * 
FILE=__COM_CMPGTf
                                  fffe90bf  fffe9105        47
  __COM_CMPGTf
                                  fffe90bf         0   none ,g         * 
  OPE_1
                                  fffe90d8         0   none ,l         * 
  x_normalized
                                  fffe90de         0   none ,l         * 
  OPE_2
                                  fffe90f7         0   none ,l         * 
  y_normalized
                                  fffe90fd         0   none ,l         * 
  nan
                                  fffe9103         0   none ,l         * 
FILE=__COM_CMPLEf
                                  fffe9106  fffe914c        47
  __COM_CMPLEf
                                  fffe9106         0   none ,g         * 
  OPE_1
                                  fffe911f         0   none ,l         * 
  x_normalized
                                  fffe9125         0   none ,l         * 
  OPE_2
                                  fffe913e         0   none ,l         * 
  y_normalized
                                  fffe9144         0   none ,l         * 
  nan
                                  fffe914a         0   none ,l         * 
FILE=__COM_CMPLTf
                                  fffe914d  fffe9193        47
  __COM_CMPLTf
                                  fffe914d         0   none ,g         * 
  OPE_1
                                  fffe9166         0   none ,l         * 
  x_normalized
                                  fffe916c         0   none ,l         * 
  OPE_2
                                  fffe9185         0   none ,l         * 
  y_normalized
                                  fffe918b         0   none ,l         * 
  nan
                                  fffe9191         0   none ,l         * 
FILE=__COM_CONV32sf
                                  fffe9194  fffe91e1        4e
  __COM_CONV32sf
                                  fffe9194         0   none ,g         * 
  next_8
                                  fffe91a5         0   none ,l         * 
  next_4
                                  fffe91ad         0   none ,l         * 
  next_2
                                  fffe91b5         0   none ,l         * 
  next_1
                                  fffe91bd         0   none ,l         * 
  next_0
                                  fffe91c5         0   none ,l         * 
  no_moving_up
                                  fffe91d5         0   none ,l         * 
  return
                                  fffe91e1         0   none ,l         * 
FILE=__COM_CONVf32
                                  fffe91e2  fffe923f        5e
  __COM_CONVf32u
                                  fffe91e2         0   none ,g         * 
  __COM_CONVf32s
                                  fffe9204         0   none ,g         * 
  return_zero
                                  fffe9226         0   none ,l         * 
  signed_exp_over30
                                  fffe9229         0   none ,l         * 
  unsigned_exp_over30
                                  fffe9232         0   none ,l         * 
  unsigned_fixed_overflow_number
                                  fffe9239         0   none ,l         * 
FILE=__COM_MULf
                                  fffe9240  fffe930b        cc
  __COM_MULf
                                  fffe9240         0   none ,g         * 
  swap_end
                                  fffe9250         0   none ,l         * 
  y_normal
                                  fffe9266         0   none ,l         * 
  after_adjust
                                  fffe9279         0   none ,l         * 
  no_moving_up
                                  fffe9293         0   none ,l         * 
  return
                                  fffe929f         0   none ,l         * 
  inf_or_nan
                                  fffe92a0         0   none ,l         * 
  return_inf
                                  fffe92a8         0   none ,l         * 
  return_nan
                                  fffe92b3         0   none ,l         * 
  zero_or_den
                                  fffe92ba         0   none ,l         * 
  return_zero
                                  fffe92bd         0   none ,l         * 
  denormal
                                  fffe92c4         0   none ,l         * 
  loop
                                  fffe92cc         0   none ,l         * 
  return_denormal
                                  fffe92e6         0   none ,l         * 
  den_no_moving_up
                                  fffe9305         0   none ,l         * 
FILE=__initsct
                                  fffe930c  fffe9355        4a
  __INITSCT
                                  fffe930c         0   none ,g         * 
  loop1
                                  fffe931e         0   none ,l         * 
  next_loop1
                                  fffe932c         0   none ,l         * 
  loop3
                                  fffe933e         0   none ,l         * 
  next_loop3
                                  fffe934f         0   none ,l         * 
FILE=fflush
                                  fffe9356  fffe93d7        82
  _fflush
                                  fffe9356        82   func ,g         * 
FILE=xfoprep
                                  fffe93d8  fffe94a9        d2
  __Foprep
                                  fffe93d8        d2   func ,g         * 
FILE=xfofind
                                  fffe94aa  fffe9536        8d
  __Fofind
                                  fffe94aa        44   func ,g         * 
  __Fofree
                                  fffe94ee        49   func ,g         * 
FILE=free
                                  fffe9537  fffe95b8        82
  _free
                                  fffe9537        82   func ,g         * 
FILE=xfopen
                                  fffe95b9  fffe95e8        30
  __Fopen
                                  fffe95b9        30   func ,g         * 
FILE=malloc
                                  fffe95e9  fffe96c3        db
  _findmem
                                  fffe95e9        79   func ,l         * 
  _malloc
                                  fffe9662        62   func ,g         * 
FILE=xgetmem
                                  fffe96c4  fffe96de        1b
  __Getmem
                                  fffe96c4        1b   func ,g         * 

SECTION=FIXEDVECT
FILE=.\src\smc_gen\r_bsp\mcu\rx113\vecttbl.obj
                                  ffffff80  ffffffff        80
  _Fixed_Vectors
                                  ffffff80        80   data ,g         * 

*** Unfilled Areas ***

AREA                                START    END

*** Delete Symbols ***

SYMBOL                                SIZE    INFO
